DEBUG - 2026-05-19 00:38:53 --> Session: Class initialized using 'CodeIgniter\Session\Handlers\FileHandler' driver.
INFO - 2026-05-19 00:38:53 --> Actividad: {"fecha":"2026-05-19 00:38:53","usuario_id":"anonimo","accion":"vista_login","ip":"::1","datos":"[]"}
DEBUG - 2026-05-19 00:38:59 --> Session: Class initialized using 'CodeIgniter\Session\Handlers\FileHandler' driver.
INFO - 2026-05-19 00:38:59 --> Actividad: {"fecha":"2026-05-19 00:38:59","usuario_id":"anonimo","accion":"vista_login","ip":"::1","datos":"[]"}
WARNING - 2026-05-19 00:39:00 --> 404 - Pagina no encontrada: http://localhost/sistema/public/index.php/css/login.css
WARNING - 2026-05-19 00:39:00 --> 404 - Pagina no encontrada: http://localhost/sistema/public/index.php/images/logo2.png
CRITICAL - 2026-05-19 00:39:00 --> ErrorException: Undefined variable $message
[Method: GET, Route: css/login.css]
in APPPATH\Views\errors\html\error_404.php on line 77.
 1 APPPATH\Views\errors\html\error_404.php(77): CodeIgniter\Debug\Exceptions->errorHandler(2, 'Undefined variable $message', 'C:\\xampp\\htdocs\\sistema\\app\\Views\\errors\\html\\error_404.php', 77)
 2 SYSTEMPATH\View\View.php(240): include('C:\\xampp\\htdocs\\sistema\\app\\Views\\errors\\html\\error_404.php')
 3 SYSTEMPATH\View\View.php(243): CodeIgniter\View\View->CodeIgniter\View\{closure}()
 4 SYSTEMPATH\Common.php(1250): CodeIgniter\View\View->render('errors/html/error_404', [], true)
 5 APPPATH\Config\Routes.php(311): view('errors/html/error_404', [...])
 6 SYSTEMPATH\CodeIgniter.php(975): CodeIgniter\Router\RouteCollection::{closure}('Can\'t find a route for \'GET: css/login.css\'.')
 7 SYSTEMPATH\CodeIgniter.php(346): CodeIgniter\CodeIgniter->display404errors(Object(CodeIgniter\Exceptions\PageNotFoundException))
 8 SYSTEMPATH\Boot.php(417): CodeIgniter\CodeIgniter->run()
 9 SYSTEMPATH\Boot.php(68): CodeIgniter\Boot::runCodeIgniter(Object(CodeIgniter\CodeIgniter))
10 FCPATH\index.php(59): CodeIgniter\Boot::bootWeb(Object(Config\Paths))
CRITICAL - 2026-05-19 00:39:00 --> ErrorException: Undefined variable $message
[Method: GET, Route: images/logo2.png]
in APPPATH\Views\errors\html\error_404.php on line 77.
 1 APPPATH\Views\errors\html\error_404.php(77): CodeIgniter\Debug\Exceptions->errorHandler(2, 'Undefined variable $message', 'C:\\xampp\\htdocs\\sistema\\app\\Views\\errors\\html\\error_404.php', 77)
 2 SYSTEMPATH\View\View.php(240): include('C:\\xampp\\htdocs\\sistema\\app\\Views\\errors\\html\\error_404.php')
 3 SYSTEMPATH\View\View.php(243): CodeIgniter\View\View->CodeIgniter\View\{closure}()
 4 SYSTEMPATH\Common.php(1250): CodeIgniter\View\View->render('errors/html/error_404', [], true)
 5 APPPATH\Config\Routes.php(311): view('errors/html/error_404', [...])
 6 SYSTEMPATH\CodeIgniter.php(975): CodeIgniter\Router\RouteCollection::{closure}('Can\'t find a route for \'GET: images/logo2.png\'.')
 7 SYSTEMPATH\CodeIgniter.php(346): CodeIgniter\CodeIgniter->display404errors(Object(CodeIgniter\Exceptions\PageNotFoundException))
 8 SYSTEMPATH\Boot.php(417): CodeIgniter\CodeIgniter->run()
 9 SYSTEMPATH\Boot.php(68): CodeIgniter\Boot::runCodeIgniter(Object(CodeIgniter\CodeIgniter))
10 FCPATH\index.php(59): CodeIgniter\Boot::bootWeb(Object(Config\Paths))
WARNING - 2026-05-19 00:39:01 --> 404 - Pagina no encontrada: http://localhost/sistema/public/index.php/images/logo2.png
CRITICAL - 2026-05-19 00:39:01 --> ErrorException: Undefined variable $message
[Method: GET, Route: images/logo2.png]
in APPPATH\Views\errors\html\error_404.php on line 77.
 1 APPPATH\Views\errors\html\error_404.php(77): CodeIgniter\Debug\Exceptions->errorHandler(2, 'Undefined variable $message', 'C:\\xampp\\htdocs\\sistema\\app\\Views\\errors\\html\\error_404.php', 77)
 2 SYSTEMPATH\View\View.php(240): include('C:\\xampp\\htdocs\\sistema\\app\\Views\\errors\\html\\error_404.php')
 3 SYSTEMPATH\View\View.php(243): CodeIgniter\View\View->CodeIgniter\View\{closure}()
 4 SYSTEMPATH\Common.php(1250): CodeIgniter\View\View->render('errors/html/error_404', [], true)
 5 APPPATH\Config\Routes.php(311): view('errors/html/error_404', [...])
 6 SYSTEMPATH\CodeIgniter.php(975): CodeIgniter\Router\RouteCollection::{closure}('Can\'t find a route for \'GET: images/logo2.png\'.')
 7 SYSTEMPATH\CodeIgniter.php(346): CodeIgniter\CodeIgniter->display404errors(Object(CodeIgniter\Exceptions\PageNotFoundException))
 8 SYSTEMPATH\Boot.php(417): CodeIgniter\CodeIgniter->run()
 9 SYSTEMPATH\Boot.php(68): CodeIgniter\Boot::runCodeIgniter(Object(CodeIgniter\CodeIgniter))
10 FCPATH\index.php(59): CodeIgniter\Boot::bootWeb(Object(Config\Paths))
ERROR - 2026-05-19 00:53:23 --> Table 'sistema.usuarios' doesn't exist
in SYSTEMPATH\Database\MySQLi\Connection.php on line 300.
 1 SYSTEMPATH\Database\MySQLi\Connection.php(300): mysqli->query('SELECT *
FROM `usuarios`
WHERE `correo` = \'admin@gmail.com\'
 LIMIT 1', 0)
 2 SYSTEMPATH\Database\BaseConnection.php(910): CodeIgniter\Database\MySQLi\Connection->execute('SELECT *
FROM `usuarios`
WHERE `correo` = \'admin@gmail.com\'
 LIMIT 1')
 3 SYSTEMPATH\Database\BaseConnection.php(827): CodeIgniter\Database\BaseConnection->simpleQuery('SELECT *
FROM `usuarios`
WHERE `correo` = \'admin@gmail.com\'
 LIMIT 1')
 4 SYSTEMPATH\Database\BaseBuilder.php(1649): CodeIgniter\Database\BaseConnection->query('SELECT *
FROM `usuarios`
WHERE `correo` = :correo:
 LIMIT 1', [...], false)
 5 SYSTEMPATH\Model.php(295): CodeIgniter\Database\BaseBuilder->get()
 6 SYSTEMPATH\BaseModel.php(714): CodeIgniter\Model->doFirst()
 7 APPPATH\Models\UsuarioModel.php(170): CodeIgniter\BaseModel->first()
 8 APPPATH\Controllers\Home.php(306): App\Models\UsuarioModel->buscarPorCorreo('admin@gmail.com')
 9 SYSTEMPATH\CodeIgniter.php(951): App\Controllers\Home->login()
10 SYSTEMPATH\CodeIgniter.php(497): CodeIgniter\CodeIgniter->runController(Object(App\Controllers\Home))
11 SYSTEMPATH\CodeIgniter.php(340): CodeIgniter\CodeIgniter->handleRequest(null, Object(Config\Cache), false)
12 SYSTEMPATH\Boot.php(417): CodeIgniter\CodeIgniter->run()
13 SYSTEMPATH\Boot.php(68): CodeIgniter\Boot::runCodeIgniter(Object(CodeIgniter\CodeIgniter))
14 FCPATH\index.php(59): CodeIgniter\Boot::bootWeb(Object(Config\Paths))
ERROR - 2026-05-19 00:53:23 --> Error al buscar usuario por correo: Table 'sistema.usuarios' doesn't exist
DEBUG - 2026-05-19 00:53:23 --> Session: Class initialized using 'CodeIgniter\Session\Handlers\FileHandler' driver.
INFO - 2026-05-19 00:53:23 --> Actividad: {"fecha":"2026-05-19 00:53:23","usuario_id":"anonimo","accion":"login_fallido","ip":"::1","datos":"{\"motivo\":\"usuario_no_existe\",\"correo\":\"admin@gmail.com\"}"}
DEBUG - 2026-05-19 00:53:24 --> Session: Class initialized using 'CodeIgniter\Session\Handlers\FileHandler' driver.
INFO - 2026-05-19 00:53:24 --> Actividad: {"fecha":"2026-05-19 00:53:24","usuario_id":"anonimo","accion":"vista_login","ip":"::1","datos":"[]"}
WARNING - 2026-05-19 00:53:24 --> 404 - Pagina no encontrada: http://localhost/sistema/public/index.php/images/logo2.png
WARNING - 2026-05-19 00:53:24 --> 404 - Pagina no encontrada: http://localhost/sistema/public/index.php/css/login.css
CRITICAL - 2026-05-19 00:53:24 --> ErrorException: Undefined variable $message
[Method: GET, Route: images/logo2.png]
in APPPATH\Views\errors\html\error_404.php on line 77.
 1 APPPATH\Views\errors\html\error_404.php(77): CodeIgniter\Debug\Exceptions->errorHandler(2, 'Undefined variable $message', 'C:\\xampp\\htdocs\\sistema\\app\\Views\\errors\\html\\error_404.php', 77)
 2 SYSTEMPATH\View\View.php(240): include('C:\\xampp\\htdocs\\sistema\\app\\Views\\errors\\html\\error_404.php')
 3 SYSTEMPATH\View\View.php(243): CodeIgniter\View\View->CodeIgniter\View\{closure}()
 4 SYSTEMPATH\Common.php(1250): CodeIgniter\View\View->render('errors/html/error_404', [], true)
 5 APPPATH\Config\Routes.php(311): view('errors/html/error_404', [...])
 6 SYSTEMPATH\CodeIgniter.php(975): CodeIgniter\Router\RouteCollection::{closure}('Can\'t find a route for \'GET: images/logo2.png\'.')
 7 SYSTEMPATH\CodeIgniter.php(346): CodeIgniter\CodeIgniter->display404errors(Object(CodeIgniter\Exceptions\PageNotFoundException))
 8 SYSTEMPATH\Boot.php(417): CodeIgniter\CodeIgniter->run()
 9 SYSTEMPATH\Boot.php(68): CodeIgniter\Boot::runCodeIgniter(Object(CodeIgniter\CodeIgniter))
10 FCPATH\index.php(59): CodeIgniter\Boot::bootWeb(Object(Config\Paths))
CRITICAL - 2026-05-19 00:53:24 --> ErrorException: Undefined variable $message
[Method: GET, Route: css/login.css]
in APPPATH\Views\errors\html\error_404.php on line 77.
 1 APPPATH\Views\errors\html\error_404.php(77): CodeIgniter\Debug\Exceptions->errorHandler(2, 'Undefined variable $message', 'C:\\xampp\\htdocs\\sistema\\app\\Views\\errors\\html\\error_404.php', 77)
 2 SYSTEMPATH\View\View.php(240): include('C:\\xampp\\htdocs\\sistema\\app\\Views\\errors\\html\\error_404.php')
 3 SYSTEMPATH\View\View.php(243): CodeIgniter\View\View->CodeIgniter\View\{closure}()
 4 SYSTEMPATH\Common.php(1250): CodeIgniter\View\View->render('errors/html/error_404', [], true)
 5 APPPATH\Config\Routes.php(311): view('errors/html/error_404', [...])
 6 SYSTEMPATH\CodeIgniter.php(975): CodeIgniter\Router\RouteCollection::{closure}('Can\'t find a route for \'GET: css/login.css\'.')
 7 SYSTEMPATH\CodeIgniter.php(346): CodeIgniter\CodeIgniter->display404errors(Object(CodeIgniter\Exceptions\PageNotFoundException))
 8 SYSTEMPATH\Boot.php(417): CodeIgniter\CodeIgniter->run()
 9 SYSTEMPATH\Boot.php(68): CodeIgniter\Boot::runCodeIgniter(Object(CodeIgniter\CodeIgniter))
10 FCPATH\index.php(59): CodeIgniter\Boot::bootWeb(Object(Config\Paths))
WARNING - 2026-05-19 00:53:25 --> 404 - Pagina no encontrada: http://localhost/sistema/public/index.php/images/logo2.png
CRITICAL - 2026-05-19 00:53:25 --> ErrorException: Undefined variable $message
[Method: GET, Route: images/logo2.png]
in APPPATH\Views\errors\html\error_404.php on line 77.
 1 APPPATH\Views\errors\html\error_404.php(77): CodeIgniter\Debug\Exceptions->errorHandler(2, 'Undefined variable $message', 'C:\\xampp\\htdocs\\sistema\\app\\Views\\errors\\html\\error_404.php', 77)
 2 SYSTEMPATH\View\View.php(240): include('C:\\xampp\\htdocs\\sistema\\app\\Views\\errors\\html\\error_404.php')
 3 SYSTEMPATH\View\View.php(243): CodeIgniter\View\View->CodeIgniter\View\{closure}()
 4 SYSTEMPATH\Common.php(1250): CodeIgniter\View\View->render('errors/html/error_404', [], true)
 5 APPPATH\Config\Routes.php(311): view('errors/html/error_404', [...])
 6 SYSTEMPATH\CodeIgniter.php(975): CodeIgniter\Router\RouteCollection::{closure}('Can\'t find a route for \'GET: images/logo2.png\'.')
 7 SYSTEMPATH\CodeIgniter.php(346): CodeIgniter\CodeIgniter->display404errors(Object(CodeIgniter\Exceptions\PageNotFoundException))
 8 SYSTEMPATH\Boot.php(417): CodeIgniter\CodeIgniter->run()
 9 SYSTEMPATH\Boot.php(68): CodeIgniter\Boot::runCodeIgniter(Object(CodeIgniter\CodeIgniter))
10 FCPATH\index.php(59): CodeIgniter\Boot::bootWeb(Object(Config\Paths))
DEBUG - 2026-05-19 03:22:11 --> Session: Class initialized using 'CodeIgniter\Session\Handlers\FileHandler' driver.
WARNING - 2026-05-19 03:22:12 --> 404 - Pagina no encontrada: http://localhost/sistema/public/index.php/images/logo2.png
CRITICAL - 2026-05-19 03:22:12 --> ErrorException: Undefined variable $message
[Method: GET, Route: images/logo2.png]
in APPPATH\Views\errors\html\error_404.php on line 77.
 1 APPPATH\Views\errors\html\error_404.php(77): CodeIgniter\Debug\Exceptions->errorHandler(2, 'Undefined variable $message', 'C:\\xampp\\htdocs\\sistema\\app\\Views\\errors\\html\\error_404.php', 77)
 2 SYSTEMPATH\View\View.php(240): include('C:\\xampp\\htdocs\\sistema\\app\\Views\\errors\\html\\error_404.php')
 3 SYSTEMPATH\View\View.php(243): CodeIgniter\View\View->CodeIgniter\View\{closure}()
 4 SYSTEMPATH\Common.php(1250): CodeIgniter\View\View->render('errors/html/error_404', [], true)
 5 APPPATH\Config\Routes.php(311): view('errors/html/error_404', [...])
 6 SYSTEMPATH\CodeIgniter.php(975): CodeIgniter\Router\RouteCollection::{closure}('Can\'t find a route for \'GET: images/logo2.png\'.')
 7 SYSTEMPATH\CodeIgniter.php(346): CodeIgniter\CodeIgniter->display404errors(Object(CodeIgniter\Exceptions\PageNotFoundException))
 8 SYSTEMPATH\Boot.php(417): CodeIgniter\CodeIgniter->run()
 9 SYSTEMPATH\Boot.php(68): CodeIgniter\Boot::runCodeIgniter(Object(CodeIgniter\CodeIgniter))
10 FCPATH\index.php(59): CodeIgniter\Boot::bootWeb(Object(Config\Paths))
WARNING - 2026-05-19 03:22:13 --> 404 - Pagina no encontrada: http://localhost/sistema/public/index.php/images/logo2.png
CRITICAL - 2026-05-19 03:22:13 --> ErrorException: Undefined variable $message
[Method: GET, Route: images/logo2.png]
in APPPATH\Views\errors\html\error_404.php on line 77.
 1 APPPATH\Views\errors\html\error_404.php(77): CodeIgniter\Debug\Exceptions->errorHandler(2, 'Undefined variable $message', 'C:\\xampp\\htdocs\\sistema\\app\\Views\\errors\\html\\error_404.php', 77)
 2 SYSTEMPATH\View\View.php(240): include('C:\\xampp\\htdocs\\sistema\\app\\Views\\errors\\html\\error_404.php')
 3 SYSTEMPATH\View\View.php(243): CodeIgniter\View\View->CodeIgniter\View\{closure}()
 4 SYSTEMPATH\Common.php(1250): CodeIgniter\View\View->render('errors/html/error_404', [], true)
 5 APPPATH\Config\Routes.php(311): view('errors/html/error_404', [...])
 6 SYSTEMPATH\CodeIgniter.php(975): CodeIgniter\Router\RouteCollection::{closure}('Can\'t find a route for \'GET: images/logo2.png\'.')
 7 SYSTEMPATH\CodeIgniter.php(346): CodeIgniter\CodeIgniter->display404errors(Object(CodeIgniter\Exceptions\PageNotFoundException))
 8 SYSTEMPATH\Boot.php(417): CodeIgniter\CodeIgniter->run()
 9 SYSTEMPATH\Boot.php(68): CodeIgniter\Boot::runCodeIgniter(Object(CodeIgniter\CodeIgniter))
10 FCPATH\index.php(59): CodeIgniter\Boot::bootWeb(Object(Config\Paths))
DEBUG - 2026-05-19 03:22:55 --> Session: Class initialized using 'CodeIgniter\Session\Handlers\FileHandler' driver.
INFO - 2026-05-19 03:22:55 --> Actividad: {"fecha":"2026-05-19 03:22:55","usuario_id":"anonimo","accion":"error_registro","ip":"::1","datos":"{\"error\":\"Contrase\\u00f1a inv\\u00e1lida: Al menos una may\\u00fascula\"}"}
DEBUG - 2026-05-19 03:22:55 --> Session: Class initialized using 'CodeIgniter\Session\Handlers\FileHandler' driver.
WARNING - 2026-05-19 03:22:56 --> 404 - Pagina no encontrada: http://localhost/sistema/public/index.php/images/logo2.png
CRITICAL - 2026-05-19 03:22:56 --> ErrorException: Undefined variable $message
[Method: GET, Route: images/logo2.png]
in APPPATH\Views\errors\html\error_404.php on line 77.
 1 APPPATH\Views\errors\html\error_404.php(77): CodeIgniter\Debug\Exceptions->errorHandler(2, 'Undefined variable $message', 'C:\\xampp\\htdocs\\sistema\\app\\Views\\errors\\html\\error_404.php', 77)
 2 SYSTEMPATH\View\View.php(240): include('C:\\xampp\\htdocs\\sistema\\app\\Views\\errors\\html\\error_404.php')
 3 SYSTEMPATH\View\View.php(243): CodeIgniter\View\View->CodeIgniter\View\{closure}()
 4 SYSTEMPATH\Common.php(1250): CodeIgniter\View\View->render('errors/html/error_404', [], true)
 5 APPPATH\Config\Routes.php(311): view('errors/html/error_404', [...])
 6 SYSTEMPATH\CodeIgniter.php(975): CodeIgniter\Router\RouteCollection::{closure}('Can\'t find a route for \'GET: images/logo2.png\'.')
 7 SYSTEMPATH\CodeIgniter.php(346): CodeIgniter\CodeIgniter->display404errors(Object(CodeIgniter\Exceptions\PageNotFoundException))
 8 SYSTEMPATH\Boot.php(417): CodeIgniter\CodeIgniter->run()
 9 SYSTEMPATH\Boot.php(68): CodeIgniter\Boot::runCodeIgniter(Object(CodeIgniter\CodeIgniter))
10 FCPATH\index.php(59): CodeIgniter\Boot::bootWeb(Object(Config\Paths))
WARNING - 2026-05-19 03:22:57 --> 404 - Pagina no encontrada: http://localhost/sistema/public/index.php/images/logo2.png
CRITICAL - 2026-05-19 03:22:57 --> ErrorException: Undefined variable $message
[Method: GET, Route: images/logo2.png]
in APPPATH\Views\errors\html\error_404.php on line 77.
 1 APPPATH\Views\errors\html\error_404.php(77): CodeIgniter\Debug\Exceptions->errorHandler(2, 'Undefined variable $message', 'C:\\xampp\\htdocs\\sistema\\app\\Views\\errors\\html\\error_404.php', 77)
 2 SYSTEMPATH\View\View.php(240): include('C:\\xampp\\htdocs\\sistema\\app\\Views\\errors\\html\\error_404.php')
 3 SYSTEMPATH\View\View.php(243): CodeIgniter\View\View->CodeIgniter\View\{closure}()
 4 SYSTEMPATH\Common.php(1250): CodeIgniter\View\View->render('errors/html/error_404', [], true)
 5 APPPATH\Config\Routes.php(311): view('errors/html/error_404', [...])
 6 SYSTEMPATH\CodeIgniter.php(975): CodeIgniter\Router\RouteCollection::{closure}('Can\'t find a route for \'GET: images/logo2.png\'.')
 7 SYSTEMPATH\CodeIgniter.php(346): CodeIgniter\CodeIgniter->display404errors(Object(CodeIgniter\Exceptions\PageNotFoundException))
 8 SYSTEMPATH\Boot.php(417): CodeIgniter\CodeIgniter->run()
 9 SYSTEMPATH\Boot.php(68): CodeIgniter\Boot::runCodeIgniter(Object(CodeIgniter\CodeIgniter))
10 FCPATH\index.php(59): CodeIgniter\Boot::bootWeb(Object(Config\Paths))
ERROR - 2026-05-19 03:23:35 --> Table 'sistema.usuarios' doesn't exist
in SYSTEMPATH\Database\MySQLi\Connection.php on line 300.
 1 SYSTEMPATH\Database\MySQLi\Connection.php(300): mysqli->query('SELECT *
FROM `usuarios`
WHERE `correo` = \'estebancas@gmail.com\'
 LIMIT 1', 0)
 2 SYSTEMPATH\Database\BaseConnection.php(910): CodeIgniter\Database\MySQLi\Connection->execute('SELECT *
FROM `usuarios`
WHERE `correo` = \'estebancas@gmail.com\'
 LIMIT 1')
 3 SYSTEMPATH\Database\BaseConnection.php(827): CodeIgniter\Database\BaseConnection->simpleQuery('SELECT *
FROM `usuarios`
WHERE `correo` = \'estebancas@gmail.com\'
 LIMIT 1')
 4 SYSTEMPATH\Database\BaseBuilder.php(1649): CodeIgniter\Database\BaseConnection->query('SELECT *
FROM `usuarios`
WHERE `correo` = :correo:
 LIMIT 1', [...], false)
 5 SYSTEMPATH\Model.php(295): CodeIgniter\Database\BaseBuilder->get()
 6 SYSTEMPATH\BaseModel.php(714): CodeIgniter\Model->doFirst()
 7 APPPATH\Models\UsuarioModel.php(170): CodeIgniter\BaseModel->first()
 8 APPPATH\Controllers\Home.php(254): App\Models\UsuarioModel->buscarPorCorreo('estebancas@gmail.com')
 9 SYSTEMPATH\CodeIgniter.php(951): App\Controllers\Home->guardar()
10 SYSTEMPATH\CodeIgniter.php(497): CodeIgniter\CodeIgniter->runController(Object(App\Controllers\Home))
11 SYSTEMPATH\CodeIgniter.php(340): CodeIgniter\CodeIgniter->handleRequest(null, Object(Config\Cache), false)
12 SYSTEMPATH\Boot.php(417): CodeIgniter\CodeIgniter->run()
13 SYSTEMPATH\Boot.php(68): CodeIgniter\Boot::runCodeIgniter(Object(CodeIgniter\CodeIgniter))
14 FCPATH\index.php(59): CodeIgniter\Boot::bootWeb(Object(Config\Paths))
ERROR - 2026-05-19 03:23:35 --> Error al buscar usuario por correo: Table 'sistema.usuarios' doesn't exist
DEBUG - 2026-05-19 03:23:36 --> Session: Class initialized using 'CodeIgniter\Session\Handlers\FileHandler' driver.
INFO - 2026-05-19 03:23:36 --> Actividad: {"fecha":"2026-05-19 03:23:36","usuario_id":"anonimo","accion":"error_registro","ip":"::1","datos":"{\"error\":\"Error al registrar usuario\"}"}
DEBUG - 2026-05-19 03:23:36 --> Session: Class initialized using 'CodeIgniter\Session\Handlers\FileHandler' driver.
WARNING - 2026-05-19 03:23:37 --> 404 - Pagina no encontrada: http://localhost/sistema/public/index.php/images/logo2.png
CRITICAL - 2026-05-19 03:23:37 --> ErrorException: Undefined variable $message
[Method: GET, Route: images/logo2.png]
in APPPATH\Views\errors\html\error_404.php on line 77.
 1 APPPATH\Views\errors\html\error_404.php(77): CodeIgniter\Debug\Exceptions->errorHandler(2, 'Undefined variable $message', 'C:\\xampp\\htdocs\\sistema\\app\\Views\\errors\\html\\error_404.php', 77)
 2 SYSTEMPATH\View\View.php(240): include('C:\\xampp\\htdocs\\sistema\\app\\Views\\errors\\html\\error_404.php')
 3 SYSTEMPATH\View\View.php(243): CodeIgniter\View\View->CodeIgniter\View\{closure}()
 4 SYSTEMPATH\Common.php(1250): CodeIgniter\View\View->render('errors/html/error_404', [], true)
 5 APPPATH\Config\Routes.php(311): view('errors/html/error_404', [...])
 6 SYSTEMPATH\CodeIgniter.php(975): CodeIgniter\Router\RouteCollection::{closure}('Can\'t find a route for \'GET: images/logo2.png\'.')
 7 SYSTEMPATH\CodeIgniter.php(346): CodeIgniter\CodeIgniter->display404errors(Object(CodeIgniter\Exceptions\PageNotFoundException))
 8 SYSTEMPATH\Boot.php(417): CodeIgniter\CodeIgniter->run()
 9 SYSTEMPATH\Boot.php(68): CodeIgniter\Boot::runCodeIgniter(Object(CodeIgniter\CodeIgniter))
10 FCPATH\index.php(59): CodeIgniter\Boot::bootWeb(Object(Config\Paths))
WARNING - 2026-05-19 03:23:37 --> 404 - Pagina no encontrada: http://localhost/sistema/public/index.php/images/logo2.png
CRITICAL - 2026-05-19 03:23:37 --> ErrorException: Undefined variable $message
[Method: GET, Route: images/logo2.png]
in APPPATH\Views\errors\html\error_404.php on line 77.
 1 APPPATH\Views\errors\html\error_404.php(77): CodeIgniter\Debug\Exceptions->errorHandler(2, 'Undefined variable $message', 'C:\\xampp\\htdocs\\sistema\\app\\Views\\errors\\html\\error_404.php', 77)
 2 SYSTEMPATH\View\View.php(240): include('C:\\xampp\\htdocs\\sistema\\app\\Views\\errors\\html\\error_404.php')
 3 SYSTEMPATH\View\View.php(243): CodeIgniter\View\View->CodeIgniter\View\{closure}()
 4 SYSTEMPATH\Common.php(1250): CodeIgniter\View\View->render('errors/html/error_404', [], true)
 5 APPPATH\Config\Routes.php(311): view('errors/html/error_404', [...])
 6 SYSTEMPATH\CodeIgniter.php(975): CodeIgniter\Router\RouteCollection::{closure}('Can\'t find a route for \'GET: images/logo2.png\'.')
 7 SYSTEMPATH\CodeIgniter.php(346): CodeIgniter\CodeIgniter->display404errors(Object(CodeIgniter\Exceptions\PageNotFoundException))
 8 SYSTEMPATH\Boot.php(417): CodeIgniter\CodeIgniter->run()
 9 SYSTEMPATH\Boot.php(68): CodeIgniter\Boot::runCodeIgniter(Object(CodeIgniter\CodeIgniter))
10 FCPATH\index.php(59): CodeIgniter\Boot::bootWeb(Object(Config\Paths))
DEBUG - 2026-05-19 03:23:55 --> Session: Class initialized using 'CodeIgniter\Session\Handlers\FileHandler' driver.
INFO - 2026-05-19 03:23:55 --> Actividad: {"fecha":"2026-05-19 03:23:55","usuario_id":"anonimo","accion":"vista_login","ip":"::1","datos":"[]"}
WARNING - 2026-05-19 03:23:55 --> 404 - Pagina no encontrada: http://localhost/sistema/public/index.php/css/login.css
CRITICAL - 2026-05-19 03:23:55 --> ErrorException: Undefined variable $message
[Method: GET, Route: css/login.css]
in APPPATH\Views\errors\html\error_404.php on line 77.
 1 APPPATH\Views\errors\html\error_404.php(77): CodeIgniter\Debug\Exceptions->errorHandler(2, 'Undefined variable $message', 'C:\\xampp\\htdocs\\sistema\\app\\Views\\errors\\html\\error_404.php', 77)
 2 SYSTEMPATH\View\View.php(240): include('C:\\xampp\\htdocs\\sistema\\app\\Views\\errors\\html\\error_404.php')
 3 SYSTEMPATH\View\View.php(243): CodeIgniter\View\View->CodeIgniter\View\{closure}()
 4 SYSTEMPATH\Common.php(1250): CodeIgniter\View\View->render('errors/html/error_404', [], true)
 5 APPPATH\Config\Routes.php(311): view('errors/html/error_404', [...])
 6 SYSTEMPATH\CodeIgniter.php(975): CodeIgniter\Router\RouteCollection::{closure}('Can\'t find a route for \'GET: css/login.css\'.')
 7 SYSTEMPATH\CodeIgniter.php(346): CodeIgniter\CodeIgniter->display404errors(Object(CodeIgniter\Exceptions\PageNotFoundException))
 8 SYSTEMPATH\Boot.php(417): CodeIgniter\CodeIgniter->run()
 9 SYSTEMPATH\Boot.php(68): CodeIgniter\Boot::runCodeIgniter(Object(CodeIgniter\CodeIgniter))
10 FCPATH\index.php(59): CodeIgniter\Boot::bootWeb(Object(Config\Paths))
WARNING - 2026-05-19 03:23:55 --> 404 - Pagina no encontrada: http://localhost/sistema/public/index.php/images/logo2.png
CRITICAL - 2026-05-19 03:23:55 --> ErrorException: Undefined variable $message
[Method: GET, Route: images/logo2.png]
in APPPATH\Views\errors\html\error_404.php on line 77.
 1 APPPATH\Views\errors\html\error_404.php(77): CodeIgniter\Debug\Exceptions->errorHandler(2, 'Undefined variable $message', 'C:\\xampp\\htdocs\\sistema\\app\\Views\\errors\\html\\error_404.php', 77)
 2 SYSTEMPATH\View\View.php(240): include('C:\\xampp\\htdocs\\sistema\\app\\Views\\errors\\html\\error_404.php')
 3 SYSTEMPATH\View\View.php(243): CodeIgniter\View\View->CodeIgniter\View\{closure}()
 4 SYSTEMPATH\Common.php(1250): CodeIgniter\View\View->render('errors/html/error_404', [], true)
 5 APPPATH\Config\Routes.php(311): view('errors/html/error_404', [...])
 6 SYSTEMPATH\CodeIgniter.php(975): CodeIgniter\Router\RouteCollection::{closure}('Can\'t find a route for \'GET: images/logo2.png\'.')
 7 SYSTEMPATH\CodeIgniter.php(346): CodeIgniter\CodeIgniter->display404errors(Object(CodeIgniter\Exceptions\PageNotFoundException))
 8 SYSTEMPATH\Boot.php(417): CodeIgniter\CodeIgniter->run()
 9 SYSTEMPATH\Boot.php(68): CodeIgniter\Boot::runCodeIgniter(Object(CodeIgniter\CodeIgniter))
10 FCPATH\index.php(59): CodeIgniter\Boot::bootWeb(Object(Config\Paths))
WARNING - 2026-05-19 03:23:56 --> 404 - Pagina no encontrada: http://localhost/sistema/public/index.php/images/logo2.png
CRITICAL - 2026-05-19 03:23:56 --> ErrorException: Undefined variable $message
[Method: GET, Route: images/logo2.png]
in APPPATH\Views\errors\html\error_404.php on line 77.
 1 APPPATH\Views\errors\html\error_404.php(77): CodeIgniter\Debug\Exceptions->errorHandler(2, 'Undefined variable $message', 'C:\\xampp\\htdocs\\sistema\\app\\Views\\errors\\html\\error_404.php', 77)
 2 SYSTEMPATH\View\View.php(240): include('C:\\xampp\\htdocs\\sistema\\app\\Views\\errors\\html\\error_404.php')
 3 SYSTEMPATH\View\View.php(243): CodeIgniter\View\View->CodeIgniter\View\{closure}()
 4 SYSTEMPATH\Common.php(1250): CodeIgniter\View\View->render('errors/html/error_404', [], true)
 5 APPPATH\Config\Routes.php(311): view('errors/html/error_404', [...])
 6 SYSTEMPATH\CodeIgniter.php(975): CodeIgniter\Router\RouteCollection::{closure}('Can\'t find a route for \'GET: images/logo2.png\'.')
 7 SYSTEMPATH\CodeIgniter.php(346): CodeIgniter\CodeIgniter->display404errors(Object(CodeIgniter\Exceptions\PageNotFoundException))
 8 SYSTEMPATH\Boot.php(417): CodeIgniter\CodeIgniter->run()
 9 SYSTEMPATH\Boot.php(68): CodeIgniter\Boot::runCodeIgniter(Object(CodeIgniter\CodeIgniter))
10 FCPATH\index.php(59): CodeIgniter\Boot::bootWeb(Object(Config\Paths))
DEBUG - 2026-05-19 03:41:37 --> Session: Class initialized using 'CodeIgniter\Session\Handlers\FileHandler' driver.
INFO - 2026-05-19 03:41:37 --> Actividad: {"fecha":"2026-05-19 03:41:37","usuario_id":"anonimo","accion":"vista_login","ip":"::1","datos":"[]"}
WARNING - 2026-05-19 03:41:38 --> 404 - Pagina no encontrada: http://localhost/sistema/public/index.php/css/login.css
WARNING - 2026-05-19 03:41:38 --> 404 - Pagina no encontrada: http://localhost/sistema/public/index.php/images/logo2.png
CRITICAL - 2026-05-19 03:41:38 --> ErrorException: Undefined variable $message
[Method: GET, Route: css/login.css]
in APPPATH\Views\errors\html\error_404.php on line 77.
 1 APPPATH\Views\errors\html\error_404.php(77): CodeIgniter\Debug\Exceptions->errorHandler(2, 'Undefined variable $message', 'C:\\xampp\\htdocs\\sistema\\app\\Views\\errors\\html\\error_404.php', 77)
 2 SYSTEMPATH\View\View.php(240): include('C:\\xampp\\htdocs\\sistema\\app\\Views\\errors\\html\\error_404.php')
 3 SYSTEMPATH\View\View.php(243): CodeIgniter\View\View->CodeIgniter\View\{closure}()
 4 SYSTEMPATH\Common.php(1250): CodeIgniter\View\View->render('errors/html/error_404', [], true)
 5 APPPATH\Config\Routes.php(311): view('errors/html/error_404', [...])
 6 SYSTEMPATH\CodeIgniter.php(975): CodeIgniter\Router\RouteCollection::{closure}('Can\'t find a route for \'GET: css/login.css\'.')
 7 SYSTEMPATH\CodeIgniter.php(346): CodeIgniter\CodeIgniter->display404errors(Object(CodeIgniter\Exceptions\PageNotFoundException))
 8 SYSTEMPATH\Boot.php(417): CodeIgniter\CodeIgniter->run()
 9 SYSTEMPATH\Boot.php(68): CodeIgniter\Boot::runCodeIgniter(Object(CodeIgniter\CodeIgniter))
10 FCPATH\index.php(59): CodeIgniter\Boot::bootWeb(Object(Config\Paths))
CRITICAL - 2026-05-19 03:41:38 --> ErrorException: Undefined variable $message
[Method: GET, Route: images/logo2.png]
in APPPATH\Views\errors\html\error_404.php on line 77.
 1 APPPATH\Views\errors\html\error_404.php(77): CodeIgniter\Debug\Exceptions->errorHandler(2, 'Undefined variable $message', 'C:\\xampp\\htdocs\\sistema\\app\\Views\\errors\\html\\error_404.php', 77)
 2 SYSTEMPATH\View\View.php(240): include('C:\\xampp\\htdocs\\sistema\\app\\Views\\errors\\html\\error_404.php')
 3 SYSTEMPATH\View\View.php(243): CodeIgniter\View\View->CodeIgniter\View\{closure}()
 4 SYSTEMPATH\Common.php(1250): CodeIgniter\View\View->render('errors/html/error_404', [], true)
 5 APPPATH\Config\Routes.php(311): view('errors/html/error_404', [...])
 6 SYSTEMPATH\CodeIgniter.php(975): CodeIgniter\Router\RouteCollection::{closure}('Can\'t find a route for \'GET: images/logo2.png\'.')
 7 SYSTEMPATH\CodeIgniter.php(346): CodeIgniter\CodeIgniter->display404errors(Object(CodeIgniter\Exceptions\PageNotFoundException))
 8 SYSTEMPATH\Boot.php(417): CodeIgniter\CodeIgniter->run()
 9 SYSTEMPATH\Boot.php(68): CodeIgniter\Boot::runCodeIgniter(Object(CodeIgniter\CodeIgniter))
10 FCPATH\index.php(59): CodeIgniter\Boot::bootWeb(Object(Config\Paths))
WARNING - 2026-05-19 03:41:39 --> 404 - Pagina no encontrada: http://localhost/sistema/public/index.php/images/logo2.png
CRITICAL - 2026-05-19 03:41:39 --> ErrorException: Undefined variable $message
[Method: GET, Route: images/logo2.png]
in APPPATH\Views\errors\html\error_404.php on line 77.
 1 APPPATH\Views\errors\html\error_404.php(77): CodeIgniter\Debug\Exceptions->errorHandler(2, 'Undefined variable $message', 'C:\\xampp\\htdocs\\sistema\\app\\Views\\errors\\html\\error_404.php', 77)
 2 SYSTEMPATH\View\View.php(240): include('C:\\xampp\\htdocs\\sistema\\app\\Views\\errors\\html\\error_404.php')
 3 SYSTEMPATH\View\View.php(243): CodeIgniter\View\View->CodeIgniter\View\{closure}()
 4 SYSTEMPATH\Common.php(1250): CodeIgniter\View\View->render('errors/html/error_404', [], true)
 5 APPPATH\Config\Routes.php(311): view('errors/html/error_404', [...])
 6 SYSTEMPATH\CodeIgniter.php(975): CodeIgniter\Router\RouteCollection::{closure}('Can\'t find a route for \'GET: images/logo2.png\'.')
 7 SYSTEMPATH\CodeIgniter.php(346): CodeIgniter\CodeIgniter->display404errors(Object(CodeIgniter\Exceptions\PageNotFoundException))
 8 SYSTEMPATH\Boot.php(417): CodeIgniter\CodeIgniter->run()
 9 SYSTEMPATH\Boot.php(68): CodeIgniter\Boot::runCodeIgniter(Object(CodeIgniter\CodeIgniter))
10 FCPATH\index.php(59): CodeIgniter\Boot::bootWeb(Object(Config\Paths))
DEBUG - 2026-05-19 03:41:41 --> Session: Class initialized using 'CodeIgniter\Session\Handlers\FileHandler' driver.
INFO - 2026-05-19 03:41:41 --> Actividad: {"fecha":"2026-05-19 03:41:41","usuario_id":"anonimo","accion":"vista_login","ip":"::1","datos":"[]"}
WARNING - 2026-05-19 03:41:42 --> 404 - Pagina no encontrada: http://localhost/sistema/public/index.php/css/login.css
WARNING - 2026-05-19 03:41:42 --> 404 - Pagina no encontrada: http://localhost/sistema/public/index.php/images/logo2.png
CRITICAL - 2026-05-19 03:41:42 --> ErrorException: Undefined variable $message
[Method: GET, Route: css/login.css]
in APPPATH\Views\errors\html\error_404.php on line 77.
 1 APPPATH\Views\errors\html\error_404.php(77): CodeIgniter\Debug\Exceptions->errorHandler(2, 'Undefined variable $message', 'C:\\xampp\\htdocs\\sistema\\app\\Views\\errors\\html\\error_404.php', 77)
 2 SYSTEMPATH\View\View.php(240): include('C:\\xampp\\htdocs\\sistema\\app\\Views\\errors\\html\\error_404.php')
 3 SYSTEMPATH\View\View.php(243): CodeIgniter\View\View->CodeIgniter\View\{closure}()
 4 SYSTEMPATH\Common.php(1250): CodeIgniter\View\View->render('errors/html/error_404', [], true)
 5 APPPATH\Config\Routes.php(311): view('errors/html/error_404', [...])
 6 SYSTEMPATH\CodeIgniter.php(975): CodeIgniter\Router\RouteCollection::{closure}('Can\'t find a route for \'GET: css/login.css\'.')
 7 SYSTEMPATH\CodeIgniter.php(346): CodeIgniter\CodeIgniter->display404errors(Object(CodeIgniter\Exceptions\PageNotFoundException))
 8 SYSTEMPATH\Boot.php(417): CodeIgniter\CodeIgniter->run()
 9 SYSTEMPATH\Boot.php(68): CodeIgniter\Boot::runCodeIgniter(Object(CodeIgniter\CodeIgniter))
10 FCPATH\index.php(59): CodeIgniter\Boot::bootWeb(Object(Config\Paths))
CRITICAL - 2026-05-19 03:41:42 --> ErrorException: Undefined variable $message
[Method: GET, Route: images/logo2.png]
in APPPATH\Views\errors\html\error_404.php on line 77.
 1 APPPATH\Views\errors\html\error_404.php(77): CodeIgniter\Debug\Exceptions->errorHandler(2, 'Undefined variable $message', 'C:\\xampp\\htdocs\\sistema\\app\\Views\\errors\\html\\error_404.php', 77)
 2 SYSTEMPATH\View\View.php(240): include('C:\\xampp\\htdocs\\sistema\\app\\Views\\errors\\html\\error_404.php')
 3 SYSTEMPATH\View\View.php(243): CodeIgniter\View\View->CodeIgniter\View\{closure}()
 4 SYSTEMPATH\Common.php(1250): CodeIgniter\View\View->render('errors/html/error_404', [], true)
 5 APPPATH\Config\Routes.php(311): view('errors/html/error_404', [...])
 6 SYSTEMPATH\CodeIgniter.php(975): CodeIgniter\Router\RouteCollection::{closure}('Can\'t find a route for \'GET: images/logo2.png\'.')
 7 SYSTEMPATH\CodeIgniter.php(346): CodeIgniter\CodeIgniter->display404errors(Object(CodeIgniter\Exceptions\PageNotFoundException))
 8 SYSTEMPATH\Boot.php(417): CodeIgniter\CodeIgniter->run()
 9 SYSTEMPATH\Boot.php(68): CodeIgniter\Boot::runCodeIgniter(Object(CodeIgniter\CodeIgniter))
10 FCPATH\index.php(59): CodeIgniter\Boot::bootWeb(Object(Config\Paths))
WARNING - 2026-05-19 03:41:43 --> 404 - Pagina no encontrada: http://localhost/sistema/public/index.php/images/logo2.png
CRITICAL - 2026-05-19 03:41:43 --> ErrorException: Undefined variable $message
[Method: GET, Route: images/logo2.png]
in APPPATH\Views\errors\html\error_404.php on line 77.
 1 APPPATH\Views\errors\html\error_404.php(77): CodeIgniter\Debug\Exceptions->errorHandler(2, 'Undefined variable $message', 'C:\\xampp\\htdocs\\sistema\\app\\Views\\errors\\html\\error_404.php', 77)
 2 SYSTEMPATH\View\View.php(240): include('C:\\xampp\\htdocs\\sistema\\app\\Views\\errors\\html\\error_404.php')
 3 SYSTEMPATH\View\View.php(243): CodeIgniter\View\View->CodeIgniter\View\{closure}()
 4 SYSTEMPATH\Common.php(1250): CodeIgniter\View\View->render('errors/html/error_404', [], true)
 5 APPPATH\Config\Routes.php(311): view('errors/html/error_404', [...])
 6 SYSTEMPATH\CodeIgniter.php(975): CodeIgniter\Router\RouteCollection::{closure}('Can\'t find a route for \'GET: images/logo2.png\'.')
 7 SYSTEMPATH\CodeIgniter.php(346): CodeIgniter\CodeIgniter->display404errors(Object(CodeIgniter\Exceptions\PageNotFoundException))
 8 SYSTEMPATH\Boot.php(417): CodeIgniter\CodeIgniter->run()
 9 SYSTEMPATH\Boot.php(68): CodeIgniter\Boot::runCodeIgniter(Object(CodeIgniter\CodeIgniter))
10 FCPATH\index.php(59): CodeIgniter\Boot::bootWeb(Object(Config\Paths))
DEBUG - 2026-05-19 03:41:44 --> Session: Class initialized using 'CodeIgniter\Session\Handlers\FileHandler' driver.
WARNING - 2026-05-19 03:41:45 --> 404 - Pagina no encontrada: http://localhost/sistema/public/index.php/images/logo2.png
CRITICAL - 2026-05-19 03:41:45 --> ErrorException: Undefined variable $message
[Method: GET, Route: images/logo2.png]
in APPPATH\Views\errors\html\error_404.php on line 77.
 1 APPPATH\Views\errors\html\error_404.php(77): CodeIgniter\Debug\Exceptions->errorHandler(2, 'Undefined variable $message', 'C:\\xampp\\htdocs\\sistema\\app\\Views\\errors\\html\\error_404.php', 77)
 2 SYSTEMPATH\View\View.php(240): include('C:\\xampp\\htdocs\\sistema\\app\\Views\\errors\\html\\error_404.php')
 3 SYSTEMPATH\View\View.php(243): CodeIgniter\View\View->CodeIgniter\View\{closure}()
 4 SYSTEMPATH\Common.php(1250): CodeIgniter\View\View->render('errors/html/error_404', [], true)
 5 APPPATH\Config\Routes.php(311): view('errors/html/error_404', [...])
 6 SYSTEMPATH\CodeIgniter.php(975): CodeIgniter\Router\RouteCollection::{closure}('Can\'t find a route for \'GET: images/logo2.png\'.')
 7 SYSTEMPATH\CodeIgniter.php(346): CodeIgniter\CodeIgniter->display404errors(Object(CodeIgniter\Exceptions\PageNotFoundException))
 8 SYSTEMPATH\Boot.php(417): CodeIgniter\CodeIgniter->run()
 9 SYSTEMPATH\Boot.php(68): CodeIgniter\Boot::runCodeIgniter(Object(CodeIgniter\CodeIgniter))
10 FCPATH\index.php(59): CodeIgniter\Boot::bootWeb(Object(Config\Paths))
WARNING - 2026-05-19 03:41:46 --> 404 - Pagina no encontrada: http://localhost/sistema/public/index.php/images/logo2.png
CRITICAL - 2026-05-19 03:41:46 --> ErrorException: Undefined variable $message
[Method: GET, Route: images/logo2.png]
in APPPATH\Views\errors\html\error_404.php on line 77.
 1 APPPATH\Views\errors\html\error_404.php(77): CodeIgniter\Debug\Exceptions->errorHandler(2, 'Undefined variable $message', 'C:\\xampp\\htdocs\\sistema\\app\\Views\\errors\\html\\error_404.php', 77)
 2 SYSTEMPATH\View\View.php(240): include('C:\\xampp\\htdocs\\sistema\\app\\Views\\errors\\html\\error_404.php')
 3 SYSTEMPATH\View\View.php(243): CodeIgniter\View\View->CodeIgniter\View\{closure}()
 4 SYSTEMPATH\Common.php(1250): CodeIgniter\View\View->render('errors/html/error_404', [], true)
 5 APPPATH\Config\Routes.php(311): view('errors/html/error_404', [...])
 6 SYSTEMPATH\CodeIgniter.php(975): CodeIgniter\Router\RouteCollection::{closure}('Can\'t find a route for \'GET: images/logo2.png\'.')
 7 SYSTEMPATH\CodeIgniter.php(346): CodeIgniter\CodeIgniter->display404errors(Object(CodeIgniter\Exceptions\PageNotFoundException))
 8 SYSTEMPATH\Boot.php(417): CodeIgniter\CodeIgniter->run()
 9 SYSTEMPATH\Boot.php(68): CodeIgniter\Boot::runCodeIgniter(Object(CodeIgniter\CodeIgniter))
10 FCPATH\index.php(59): CodeIgniter\Boot::bootWeb(Object(Config\Paths))
WARNING - 2026-05-19 03:41:47 --> 404 - Pagina no encontrada: http://localhost/sistema/public/index.php/facturas
CRITICAL - 2026-05-19 03:41:47 --> ErrorException: Undefined variable $message
[Method: GET, Route: facturas]
in APPPATH\Views\errors\html\error_404.php on line 77.
 1 APPPATH\Views\errors\html\error_404.php(77): CodeIgniter\Debug\Exceptions->errorHandler(2, 'Undefined variable $message', 'C:\\xampp\\htdocs\\sistema\\app\\Views\\errors\\html\\error_404.php', 77)
 2 SYSTEMPATH\View\View.php(240): include('C:\\xampp\\htdocs\\sistema\\app\\Views\\errors\\html\\error_404.php')
 3 SYSTEMPATH\View\View.php(243): CodeIgniter\View\View->CodeIgniter\View\{closure}()
 4 SYSTEMPATH\Common.php(1250): CodeIgniter\View\View->render('errors/html/error_404', [], true)
 5 APPPATH\Config\Routes.php(311): view('errors/html/error_404', [...])
 6 SYSTEMPATH\CodeIgniter.php(975): CodeIgniter\Router\RouteCollection::{closure}('Controller or its method is not found: \\App\\Controllers\\Factura::index')
 7 SYSTEMPATH\CodeIgniter.php(346): CodeIgniter\CodeIgniter->display404errors(Object(CodeIgniter\Exceptions\PageNotFoundException))
 8 SYSTEMPATH\Boot.php(417): CodeIgniter\CodeIgniter->run()
 9 SYSTEMPATH\Boot.php(68): CodeIgniter\Boot::runCodeIgniter(Object(CodeIgniter\CodeIgniter))
10 FCPATH\index.php(59): CodeIgniter\Boot::bootWeb(Object(Config\Paths))
