DEBUG - 2026-05-20 21:50:49 --> Session: Class initialized using 'CodeIgniter\Session\Handlers\FileHandler' driver.
INFO - 2026-05-20 21:50:49 --> Actividad: {"fecha":"2026-05-20 21:50:49","usuario_id":"anonimo","accion":"vista_login","ip":"::1","datos":"[]"}
WARNING - 2026-05-20 21:50:50 --> 404 - Pagina no encontrada: http://localhost/sistema/public/index.php/images/logo2.png
CRITICAL - 2026-05-20 21:50:50 --> ErrorException: Undefined variable $message
[Method: GET, Route: images/logo2.png]
in APPPATH\Views\errors\html\error_404.php on line 77.
 1 APPPATH\Views\errors\html\error_404.php(77): CodeIgniter\Debug\Exceptions->errorHandler(2, 'Undefined variable $message', 'C:\\xampp\\htdocs\\sistema\\app\\Views\\errors\\html\\error_404.php', 77)
 2 SYSTEMPATH\View\View.php(240): include('C:\\xampp\\htdocs\\sistema\\app\\Views\\errors\\html\\error_404.php')
 3 SYSTEMPATH\View\View.php(243): CodeIgniter\View\View->CodeIgniter\View\{closure}()
 4 SYSTEMPATH\Common.php(1250): CodeIgniter\View\View->render('errors/html/error_404', [], true)
 5 APPPATH\Config\Routes.php(324): view('errors/html/error_404', [...])
 6 SYSTEMPATH\CodeIgniter.php(975): CodeIgniter\Router\RouteCollection::{closure}('Can\'t find a route for \'GET: images/logo2.png\'.')
 7 SYSTEMPATH\CodeIgniter.php(346): CodeIgniter\CodeIgniter->display404errors(Object(CodeIgniter\Exceptions\PageNotFoundException))
 8 SYSTEMPATH\Boot.php(417): CodeIgniter\CodeIgniter->run()
 9 SYSTEMPATH\Boot.php(68): CodeIgniter\Boot::runCodeIgniter(Object(CodeIgniter\CodeIgniter))
10 FCPATH\index.php(59): CodeIgniter\Boot::bootWeb(Object(Config\Paths))
WARNING - 2026-05-20 21:50:50 --> 404 - Pagina no encontrada: http://localhost/sistema/public/index.php/css/login.css
CRITICAL - 2026-05-20 21:50:50 --> ErrorException: Undefined variable $message
[Method: GET, Route: css/login.css]
in APPPATH\Views\errors\html\error_404.php on line 77.
 1 APPPATH\Views\errors\html\error_404.php(77): CodeIgniter\Debug\Exceptions->errorHandler(2, 'Undefined variable $message', 'C:\\xampp\\htdocs\\sistema\\app\\Views\\errors\\html\\error_404.php', 77)
 2 SYSTEMPATH\View\View.php(240): include('C:\\xampp\\htdocs\\sistema\\app\\Views\\errors\\html\\error_404.php')
 3 SYSTEMPATH\View\View.php(243): CodeIgniter\View\View->CodeIgniter\View\{closure}()
 4 SYSTEMPATH\Common.php(1250): CodeIgniter\View\View->render('errors/html/error_404', [], true)
 5 APPPATH\Config\Routes.php(324): view('errors/html/error_404', [...])
 6 SYSTEMPATH\CodeIgniter.php(975): CodeIgniter\Router\RouteCollection::{closure}('Can\'t find a route for \'GET: css/login.css\'.')
 7 SYSTEMPATH\CodeIgniter.php(346): CodeIgniter\CodeIgniter->display404errors(Object(CodeIgniter\Exceptions\PageNotFoundException))
 8 SYSTEMPATH\Boot.php(417): CodeIgniter\CodeIgniter->run()
 9 SYSTEMPATH\Boot.php(68): CodeIgniter\Boot::runCodeIgniter(Object(CodeIgniter\CodeIgniter))
10 FCPATH\index.php(59): CodeIgniter\Boot::bootWeb(Object(Config\Paths))
WARNING - 2026-05-20 21:50:51 --> 404 - Pagina no encontrada: http://localhost/sistema/public/index.php/images/logo2.png
CRITICAL - 2026-05-20 21:50:51 --> ErrorException: Undefined variable $message
[Method: GET, Route: images/logo2.png]
in APPPATH\Views\errors\html\error_404.php on line 77.
 1 APPPATH\Views\errors\html\error_404.php(77): CodeIgniter\Debug\Exceptions->errorHandler(2, 'Undefined variable $message', 'C:\\xampp\\htdocs\\sistema\\app\\Views\\errors\\html\\error_404.php', 77)
 2 SYSTEMPATH\View\View.php(240): include('C:\\xampp\\htdocs\\sistema\\app\\Views\\errors\\html\\error_404.php')
 3 SYSTEMPATH\View\View.php(243): CodeIgniter\View\View->CodeIgniter\View\{closure}()
 4 SYSTEMPATH\Common.php(1250): CodeIgniter\View\View->render('errors/html/error_404', [], true)
 5 APPPATH\Config\Routes.php(324): view('errors/html/error_404', [...])
 6 SYSTEMPATH\CodeIgniter.php(975): CodeIgniter\Router\RouteCollection::{closure}('Can\'t find a route for \'GET: images/logo2.png\'.')
 7 SYSTEMPATH\CodeIgniter.php(346): CodeIgniter\CodeIgniter->display404errors(Object(CodeIgniter\Exceptions\PageNotFoundException))
 8 SYSTEMPATH\Boot.php(417): CodeIgniter\CodeIgniter->run()
 9 SYSTEMPATH\Boot.php(68): CodeIgniter\Boot::runCodeIgniter(Object(CodeIgniter\CodeIgniter))
10 FCPATH\index.php(59): CodeIgniter\Boot::bootWeb(Object(Config\Paths))
ERROR - 2026-05-20 21:51:50 --> Table 'sistema.usuarios' doesn't exist
in SYSTEMPATH\Database\MySQLi\Connection.php on line 300.
 1 SYSTEMPATH\Database\MySQLi\Connection.php(300): mysqli->query('SELECT *
FROM `usuarios`
WHERE `correo` = \'admin@gmail.com\'
 LIMIT 1', 0)
 2 SYSTEMPATH\Database\BaseConnection.php(910): CodeIgniter\Database\MySQLi\Connection->execute('SELECT *
FROM `usuarios`
WHERE `correo` = \'admin@gmail.com\'
 LIMIT 1')
 3 SYSTEMPATH\Database\BaseConnection.php(827): CodeIgniter\Database\BaseConnection->simpleQuery('SELECT *
FROM `usuarios`
WHERE `correo` = \'admin@gmail.com\'
 LIMIT 1')
 4 SYSTEMPATH\Database\BaseBuilder.php(1649): CodeIgniter\Database\BaseConnection->query('SELECT *
FROM `usuarios`
WHERE `correo` = :correo:
 LIMIT 1', [...], false)
 5 SYSTEMPATH\Model.php(295): CodeIgniter\Database\BaseBuilder->get()
 6 SYSTEMPATH\BaseModel.php(714): CodeIgniter\Model->doFirst()
 7 APPPATH\Models\UsuarioModel.php(170): CodeIgniter\BaseModel->first()
 8 APPPATH\Controllers\Home.php(306): App\Models\UsuarioModel->buscarPorCorreo('admin@gmail.com')
 9 SYSTEMPATH\CodeIgniter.php(951): App\Controllers\Home->login()
10 SYSTEMPATH\CodeIgniter.php(497): CodeIgniter\CodeIgniter->runController(Object(App\Controllers\Home))
11 SYSTEMPATH\CodeIgniter.php(340): CodeIgniter\CodeIgniter->handleRequest(null, Object(Config\Cache), false)
12 SYSTEMPATH\Boot.php(417): CodeIgniter\CodeIgniter->run()
13 SYSTEMPATH\Boot.php(68): CodeIgniter\Boot::runCodeIgniter(Object(CodeIgniter\CodeIgniter))
14 FCPATH\index.php(59): CodeIgniter\Boot::bootWeb(Object(Config\Paths))
ERROR - 2026-05-20 21:51:50 --> Error al buscar usuario por correo: Table 'sistema.usuarios' doesn't exist
DEBUG - 2026-05-20 21:51:50 --> Session: Class initialized using 'CodeIgniter\Session\Handlers\FileHandler' driver.
INFO - 2026-05-20 21:51:50 --> Actividad: {"fecha":"2026-05-20 21:51:50","usuario_id":"anonimo","accion":"login_fallido","ip":"::1","datos":"{\"motivo\":\"usuario_no_existe\",\"correo\":\"admin@gmail.com\"}"}
DEBUG - 2026-05-20 21:51:51 --> Session: Class initialized using 'CodeIgniter\Session\Handlers\FileHandler' driver.
INFO - 2026-05-20 21:51:51 --> Actividad: {"fecha":"2026-05-20 21:51:51","usuario_id":"anonimo","accion":"vista_login","ip":"::1","datos":"[]"}
WARNING - 2026-05-20 21:51:52 --> 404 - Pagina no encontrada: http://localhost/sistema/public/index.php/images/logo2.png
WARNING - 2026-05-20 21:51:52 --> 404 - Pagina no encontrada: http://localhost/sistema/public/index.php/css/login.css
CRITICAL - 2026-05-20 21:51:52 --> ErrorException: Undefined variable $message
[Method: GET, Route: images/logo2.png]
in APPPATH\Views\errors\html\error_404.php on line 77.
 1 APPPATH\Views\errors\html\error_404.php(77): CodeIgniter\Debug\Exceptions->errorHandler(2, 'Undefined variable $message', 'C:\\xampp\\htdocs\\sistema\\app\\Views\\errors\\html\\error_404.php', 77)
 2 SYSTEMPATH\View\View.php(240): include('C:\\xampp\\htdocs\\sistema\\app\\Views\\errors\\html\\error_404.php')
 3 SYSTEMPATH\View\View.php(243): CodeIgniter\View\View->CodeIgniter\View\{closure}()
 4 SYSTEMPATH\Common.php(1250): CodeIgniter\View\View->render('errors/html/error_404', [], true)
 5 APPPATH\Config\Routes.php(324): view('errors/html/error_404', [...])
 6 SYSTEMPATH\CodeIgniter.php(975): CodeIgniter\Router\RouteCollection::{closure}('Can\'t find a route for \'GET: images/logo2.png\'.')
 7 SYSTEMPATH\CodeIgniter.php(346): CodeIgniter\CodeIgniter->display404errors(Object(CodeIgniter\Exceptions\PageNotFoundException))
 8 SYSTEMPATH\Boot.php(417): CodeIgniter\CodeIgniter->run()
 9 SYSTEMPATH\Boot.php(68): CodeIgniter\Boot::runCodeIgniter(Object(CodeIgniter\CodeIgniter))
10 FCPATH\index.php(59): CodeIgniter\Boot::bootWeb(Object(Config\Paths))
CRITICAL - 2026-05-20 21:51:52 --> ErrorException: Undefined variable $message
[Method: GET, Route: css/login.css]
in APPPATH\Views\errors\html\error_404.php on line 77.
 1 APPPATH\Views\errors\html\error_404.php(77): CodeIgniter\Debug\Exceptions->errorHandler(2, 'Undefined variable $message', 'C:\\xampp\\htdocs\\sistema\\app\\Views\\errors\\html\\error_404.php', 77)
 2 SYSTEMPATH\View\View.php(240): include('C:\\xampp\\htdocs\\sistema\\app\\Views\\errors\\html\\error_404.php')
 3 SYSTEMPATH\View\View.php(243): CodeIgniter\View\View->CodeIgniter\View\{closure}()
 4 SYSTEMPATH\Common.php(1250): CodeIgniter\View\View->render('errors/html/error_404', [], true)
 5 APPPATH\Config\Routes.php(324): view('errors/html/error_404', [...])
 6 SYSTEMPATH\CodeIgniter.php(975): CodeIgniter\Router\RouteCollection::{closure}('Can\'t find a route for \'GET: css/login.css\'.')
 7 SYSTEMPATH\CodeIgniter.php(346): CodeIgniter\CodeIgniter->display404errors(Object(CodeIgniter\Exceptions\PageNotFoundException))
 8 SYSTEMPATH\Boot.php(417): CodeIgniter\CodeIgniter->run()
 9 SYSTEMPATH\Boot.php(68): CodeIgniter\Boot::runCodeIgniter(Object(CodeIgniter\CodeIgniter))
10 FCPATH\index.php(59): CodeIgniter\Boot::bootWeb(Object(Config\Paths))
WARNING - 2026-05-20 21:51:53 --> 404 - Pagina no encontrada: http://localhost/sistema/public/index.php/images/logo2.png
CRITICAL - 2026-05-20 21:51:53 --> ErrorException: Undefined variable $message
[Method: GET, Route: images/logo2.png]
in APPPATH\Views\errors\html\error_404.php on line 77.
 1 APPPATH\Views\errors\html\error_404.php(77): CodeIgniter\Debug\Exceptions->errorHandler(2, 'Undefined variable $message', 'C:\\xampp\\htdocs\\sistema\\app\\Views\\errors\\html\\error_404.php', 77)
 2 SYSTEMPATH\View\View.php(240): include('C:\\xampp\\htdocs\\sistema\\app\\Views\\errors\\html\\error_404.php')
 3 SYSTEMPATH\View\View.php(243): CodeIgniter\View\View->CodeIgniter\View\{closure}()
 4 SYSTEMPATH\Common.php(1250): CodeIgniter\View\View->render('errors/html/error_404', [], true)
 5 APPPATH\Config\Routes.php(324): view('errors/html/error_404', [...])
 6 SYSTEMPATH\CodeIgniter.php(975): CodeIgniter\Router\RouteCollection::{closure}('Can\'t find a route for \'GET: images/logo2.png\'.')
 7 SYSTEMPATH\CodeIgniter.php(346): CodeIgniter\CodeIgniter->display404errors(Object(CodeIgniter\Exceptions\PageNotFoundException))
 8 SYSTEMPATH\Boot.php(417): CodeIgniter\CodeIgniter->run()
 9 SYSTEMPATH\Boot.php(68): CodeIgniter\Boot::runCodeIgniter(Object(CodeIgniter\CodeIgniter))
10 FCPATH\index.php(59): CodeIgniter\Boot::bootWeb(Object(Config\Paths))
